Microsoft Windows [Version 10.0.19041.572]
(c) 2020 Microsoft Corporation. All rights reserved.

C:\Users\Romeo>npm install -g firebase-tools
npm WARN deprecated request@2.88.2: request has been deprecated, see https://github.com/request/request/issues/3142
npm WARN deprecated har-validator@5.1.5: this library is no longer supported
C:\Users\Romeo\AppData\Roaming\npm\firebase -> C:\Users\Romeo\AppData\Roaming\npm\node_modules\firebase-tools\lib\bin\firebase.js

> re2@1.15.8 install C:\Users\Romeo\AppData\Roaming\npm\node_modules\firebase-tools\node_modules\re2
> install-from-cache --artifact build/Release/re2.node --host-var RE2_DOWNLOAD_MIRROR || npm run rebuild

Trying https://github.com/uhop/node-re2/releases/download/1.15.8/win32-x64-72.br ...
Writing to build/Release/re2.node ...
Done.

> protobufjs@6.10.1 postinstall C:\Users\Romeo\AppData\Roaming\npm\node_modules\firebase-tools\node_modules\protobufjs
> node scripts/postinstall

npm WARN optional SKIPPING OPTIONAL DEPENDENCY: fsevents@~2.1.2 (node_modules\firebase-tools\node_modules\chokidar\node_modules\fsevents):
npm WARN notsup SKIPPING OPTIONAL DEPENDENCY: Unsupported platform for fsevents@2.1.3: wanted {"os":"darwin","arch":"any"} (current: {"os":"win32","arch":"x64"})

+ firebase-tools@8.14.1
added 599 packages from 375 contributors in 638.762s

C:\Users\Romeo>firebase login
Already logged in as ntukeo@gmail.com

C:\Users\Romeo>firebase init

     ######## #### ########  ######## ########     ###     ######  ########
     ##        ##  ##     ## ##       ##     ##  ##   ##  ##       ##
     ######    ##  ########  ######   ########  #########  ######  ######
     ##        ##  ##    ##  ##       ##     ## ##     ##       ## ##
     ##       #### ##     ## ######## ########  ##     ##  ######  ########

You're about to initialize a Firebase project in this directory:

  C:\Users\Romeo

Before we get started, keep in mind:

  * You are initializing your home directory as a Firebase project

? Are you ready to proceed? Yes
? Which Firebase CLI features do you want to set up for this folder? Press Space to select features, then Enter to confirm your choices. (Press <space> to select, <a> to toggle all, <i> to invert selection)

Error: Must select at least one feature. Use SPACEBAR to select features, or provide a feature with firebase init [feature_name]

C:\Users\Romeo>firebase deploy

Error: Not in a Firebase app directory (could not locate firebase.json)

Having trouble? Try firebase [command] --help

C:\Users\Romeo> firebase deploy

Error: Not in a Firebase app directory (could not locate firebase.json)

C:\Users\Romeo>firebase init

     ######## #### ########  ######## ########     ###     ######  ########
     ##        ##  ##     ## ##       ##     ##  ##   ##  ##       ##
     ######    ##  ########  ######   ########  #########  ######  ######
     ##        ##  ##    ##  ##       ##     ## ##     ##       ## ##
     ##       #### ##     ## ######## ########  ##     ##  ######  ########

You're about to initialize a Firebase project in this directory:

  C:\Users\Romeo

Before we get started, keep in mind:

  * You are initializing your home directory as a Firebase project

? Are you ready to proceed? Yes
? Which Firebase CLI features do you want to set up for this folder? Press Space to select features, then Enter to confirm your choices. Da
tabase: Deploy Firebase Realtime Database Rules

=== Project Setup

First, let's associate this project directory with a Firebase project.
You can create multiple project aliases by running firebase use --add,
but for now we'll just set up a default project.

? Please select an option: Use an existing project
? Select a default Firebase project for this directory: finweb-35 (Finweb 35)
i  Using project finweb-35 (Finweb 35)

=== Database Setup

Firebase Realtime Database Rules allow you to define how your data should be
structured and when your data can be read from and written to.

? What file should be used for Database Rules? database.rules.json
+  Database Rules for finweb-35 have been downloaded to database.rules.json.
Future modifications to database.rules.json will update Database Rules when you run
firebase deploy.

i  Writing configuration info to firebase.json...
i  Writing project information to .firebaserc...
i  Writing gitignore file to .gitignore...

+  Firebase initialization complete!

C:\Users\Romeo>firebase hosting:channel:deploy

Error: channelID is currently required

C:\Users\Romeo>firebase hosting:channel:deploy finweb35

=== Deploying to 'finweb-35'...

i  deploying hosting

+  Deploy complete!

Project Console: https://console.firebase.google.com/project/finweb-35/overview

Error: An unexpected error has occurred.

Having trouble? Try again or contact support with contents of firebase-debug.log

C:\Users\Romeo>

C:\Users\Romeo>npm install -g firebase-tools
npm WARN deprecated request@2.88.2: request has been deprecated, see https://github.com/request/request/issues/3142
npm WARN deprecated har-validator@5.1.5: this library is no longer supported
C:\Users\Romeo\AppData\Roaming\npm\firebase -> C:\Users\Romeo\AppData\Roaming\npm\node_modules\firebase-tools\lib\bin\firebase.js
npm WARN optional SKIPPING OPTIONAL DEPENDENCY: fsevents@~2.1.2 (node_modules\firebase-tools\node_modules\chokidar\node_modules\fsevents):
npm WARN notsup SKIPPING OPTIONAL DEPENDENCY: Unsupported platform for fsevents@2.1.3: wanted {"os":"darwin","arch":"any"} (current: {"os":"win32","arch":"x64"})

+ firebase-tools@8.14.1
updated 1 package in 135.578s